---
source: tests/helpers/mod.rs
expression: self.backend

---
┌──────────────────────────────────────────────────┐
│[38;5;10m? [1m[39mmulti select[22m [38;5;8m(Press <space> to select, <a> to to[39m│
│[38;5;8mggle all, <i> to invert selection)[39m                │
│  [38;5;8m✖ [39mChoice 0                                      │
│  [38;5;8mSeparator 1[39m                                     │
│  [38;5;8m──────────────[39m                                  │
│[38;5;6m❯ [38;5;8m✖ [38;5;6mChoice 3[39m                                      │
│  [38;5;8m✖ [39mChoice 4                                      │
│  [38;5;8mSeparator 5[39m                                     │
│  [38;5;8m✖ [39mChoice 6                                      │
│  [38;5;8m✖ [39mChoice 7                                      │
│  [38;5;8m✖ [39mChoice 8                                      │
│  [38;5;8m✖ [39mChoice 9                                      │
│                                                  │
│                                                  │
│                                                  │
│                                                  │
│                                                  │
│                                                  │
│                                                  │
│                                                  │
└──────────────────────────────────────────────────┘
